
[TestJSON - 1]
{
  "a": "b"
}
---

[TestGetBook - 1]
{
  "ID": 1,
  "Memo": "memo, create at <date>",
  "Name": "aa"
}
---
